2025-12-19 17:07:13,221 INFO backend listening on http://0.0.0.0:8000
2025-12-19 17:07:48,333 INFO 127.0.0.1 - "GET /api/markets?slugs=btc-updown-15m-1766163600 HTTP/1.1" 200 -
2025-12-19 17:08:20,552 INFO 127.0.0.1 - "GET /api/markets?slugs=btc-updown-15m-1766163600%2Cbtc-updown-15m-1766164500%3Ftid%3D1766164089413 HTTP/1.1" 200 -
2025-12-19 17:11:11,181 INFO 127.0.0.1 - "GET /api/markets?slugs=btc-updown-15m-1766163600%2Cbtc-updown-15m-1766164500%3Ftid%3D1766164089413%2Chttps%3A%2F%2Fpolymarket.com%2Fevent%2Flighter-market-cap-fdv-one-day-after-launch HTTP/1.1" 200 -
2025-12-19 17:11:12,857 INFO 127.0.0.1 - "GET /api/markets?slugs=btc-updown-15m-1766163600%2Cbtc-updown-15m-1766164500%3Ftid%3D1766164089413 HTTP/1.1" 200 -
2025-12-19 17:11:16,162 INFO 127.0.0.1 - "GET /api/markets?slugs=btc-updown-15m-1766163600%2Cbtc-updown-15m-1766164500%3Ftid%3D1766164089413%2Clighter-market-cap-fdv-one-day-after-launch HTTP/1.1" 200 -
2025-12-19 17:11:35,063 INFO 127.0.0.1 - "GET /api/markets?slugs=btc-updown-15m-1766163600%2Clighter-market-cap-fdv-one-day-after-launch HTTP/1.1" 200 -
2025-12-19 17:19:52,471 INFO backend listening on http://0.0.0.0:8000
2025-12-19 17:20:07,461 INFO 127.0.0.1 - "GET /api/markets?ids=108054592060808479303370270554306028883916458239782628449790057811735078958789 HTTP/1.1" 200 -
2025-12-19 17:20:20,672 INFO backend listening on http://0.0.0.0:8000
2025-12-19 17:26:05,917 INFO 127.0.0.1 - "GET /api/markets?ids=601577 HTTP/1.1" 200 -
2025-12-19 17:31:27,029 INFO backend listening on http://0.0.0.0:8000
2025-12-19 17:31:59,521 INFO HTTP Request: GET https://clob.polymarket.com/price?token_id=105090431466795848420500177147419402976010608107899033764467865695481603432708&side=BUY "HTTP/2 200 OK"
2025-12-19 17:31:59,565 INFO HTTP Request: GET https://clob.polymarket.com/price?token_id=32449723726188700561785814176794039557715932641115794478039519668192078178042&side=BUY "HTTP/2 200 OK"
2025-12-19 17:31:59,569 INFO 127.0.0.1 - "GET /api/markets?ids=601577 HTTP/1.1" 200 -
2025-12-19 17:35:13,621 INFO backend listening on http://0.0.0.0:8000
2025-12-19 17:35:38,636 INFO HTTP Request: GET https://clob.polymarket.com/price?token_id=105090431466795848420500177147419402976010608107899033764467865695481603432708&side=BUY "HTTP/2 200 OK"
2025-12-19 17:35:38,713 INFO HTTP Request: GET https://clob.polymarket.com/price?token_id=32449723726188700561785814176794039557715932641115794478039519668192078178042&side=BUY "HTTP/2 200 OK"
2025-12-19 17:35:38,770 INFO 127.0.0.1 - "GET /api/markets?ids=601577 HTTP/1.1" 200 -
2025-12-19 17:42:37,446 INFO HTTP Request: GET https://clob.polymarket.com/price?token_id=105090431466795848420500177147419402976010608107899033764467865695481603432708&side=BUY "HTTP/2 200 OK"
2025-12-19 17:42:37,484 INFO HTTP Request: GET https://clob.polymarket.com/price?token_id=32449723726188700561785814176794039557715932641115794478039519668192078178042&side=BUY "HTTP/2 200 OK"
2025-12-19 17:43:49,096 INFO HTTP Request: GET https://clob.polymarket.com/price?token_id=105090431466795848420500177147419402976010608107899033764467865695481603432708&side=BUY "HTTP/2 200 OK"
2025-12-19 17:43:49,099 INFO Fetched price for token 105090431466795848420500177147419402976010608107899033764467865695481603432708: {'price': '0.21'}
2025-12-19 17:43:49,157 INFO HTTP Request: GET https://clob.polymarket.com/price?token_id=32449723726188700561785814176794039557715932641115794478039519668192078178042&side=BUY "HTTP/2 200 OK"
2025-12-19 17:43:49,160 INFO Fetched price for token 32449723726188700561785814176794039557715932641115794478039519668192078178042: {'price': '0.78'}
2025-12-19 17:46:51,075 INFO HTTP Request: GET https://clob.polymarket.com/book?token_id=105090431466795848420500177147419402976010608107899033764467865695481603432708 "HTTP/2 200 OK"
2025-12-19 17:46:51,122 INFO HTTP Request: GET https://clob.polymarket.com/book?token_id=32449723726188700561785814176794039557715932641115794478039519668192078178042 "HTTP/2 200 OK"
2025-12-19 18:02:40,193 INFO HTTP Request: GET https://clob.polymarket.com/book?token_id=20745468811832908035056199541567514710900152853879034757882047219370845125713 "HTTP/2 404 Not Found"
2025-12-19 18:02:40,195 WARNING order book fetch failed for 20745468811832908035056199541567514710900152853879034757882047219370845125713: PolyApiException[status_code=404, error_message={'error': 'No orderbook exists for the requested token id'}]
2025-12-19 18:02:40,271 INFO HTTP Request: GET https://clob.polymarket.com/book?token_id=84534876805869197225328347151524678752014766198323643152622756629065476511412 "HTTP/2 404 Not Found"
2025-12-19 18:02:40,275 WARNING order book fetch failed for 84534876805869197225328347151524678752014766198323643152622756629065476511412: PolyApiException[status_code=404, error_message={'error': 'No orderbook exists for the requested token id'}]
2025-12-19 18:03:44,005 INFO HTTP Request: GET https://clob.polymarket.com/book?token_id=108054592060808479303370270554306028883916458239782628449790057811735078958789 "HTTP/2 200 OK"
2025-12-19 18:03:44,066 INFO HTTP Request: GET https://clob.polymarket.com/book?token_id=110765302299513456585207845551762220756544326353398751489227277620687637943699 "HTTP/2 200 OK"
2025-12-19 18:04:41,276 INFO HTTP Request: GET https://clob.polymarket.com/book?token_id=108054592060808479303370270554306028883916458239782628449790057811735078958789 "HTTP/2 200 OK"
2025-12-19 18:04:41,321 INFO HTTP Request: GET https://clob.polymarket.com/book?token_id=110765302299513456585207845551762220756544326353398751489227277620687637943699 "HTTP/2 200 OK"
2025-12-19 18:04:44,520 INFO HTTP Request: GET https://clob.polymarket.com/book?token_id=108054592060808479303370270554306028883916458239782628449790057811735078958789 "HTTP/2 200 OK"
2025-12-19 18:04:44,565 INFO HTTP Request: GET https://clob.polymarket.com/book?token_id=110765302299513456585207845551762220756544326353398751489227277620687637943699 "HTTP/2 200 OK"
2025-12-19 18:04:45,504 INFO HTTP Request: GET https://clob.polymarket.com/book?token_id=108054592060808479303370270554306028883916458239782628449790057811735078958789 "HTTP/2 200 OK"
2025-12-19 18:04:45,547 INFO HTTP Request: GET https://clob.polymarket.com/book?token_id=110765302299513456585207845551762220756544326353398751489227277620687637943699 "HTTP/2 200 OK"
2025-12-19 18:04:46,332 INFO HTTP Request: GET https://clob.polymarket.com/book?token_id=108054592060808479303370270554306028883916458239782628449790057811735078958789 "HTTP/2 200 OK"
2025-12-19 18:04:46,387 INFO HTTP Request: GET https://clob.polymarket.com/book?token_id=110765302299513456585207845551762220756544326353398751489227277620687637943699 "HTTP/2 200 OK"
2025-12-19 18:27:22,761 INFO HTTP Request: GET https://clob.polymarket.com/book?token_id=39990519069078050877939785178382282910283627213228178395713951019444406574966 "HTTP/2 200 OK"
2025-12-19 18:27:22,807 INFO HTTP Request: GET https://clob.polymarket.com/book?token_id=72113537652554380276347542999424635612492517699728066175730664897658164473235 "HTTP/2 200 OK"
2025-12-19 18:27:42,657 INFO HTTP Request: GET https://clob.polymarket.com/book?token_id=39990519069078050877939785178382282910283627213228178395713951019444406574966 "HTTP/2 200 OK"
2025-12-19 18:27:42,697 INFO HTTP Request: GET https://clob.polymarket.com/book?token_id=72113537652554380276347542999424635612492517699728066175730664897658164473235 "HTTP/2 200 OK"
2025-12-19 18:28:20,341 INFO HTTP Request: GET https://clob.polymarket.com/book?token_id=39990519069078050877939785178382282910283627213228178395713951019444406574966 "HTTP/2 200 OK"
2025-12-19 18:28:20,393 INFO HTTP Request: GET https://clob.polymarket.com/book?token_id=72113537652554380276347542999424635612492517699728066175730664897658164473235 "HTTP/2 200 OK"
2025-12-19 18:28:20,588 INFO HTTP Request: GET https://clob.polymarket.com/book?token_id=56570835185013181930169513733177012805556365530301435672575968757674556017763 "HTTP/2 200 OK"
2025-12-19 18:28:20,635 INFO HTTP Request: GET https://clob.polymarket.com/book?token_id=78334077248234846714502609938208453420760114607979174643124614189085919067977 "HTTP/2 200 OK"
2025-12-19 18:33:20,636 INFO HTTP Request: GET https://clob.polymarket.com/book?token_id=39990519069078050877939785178382282910283627213228178395713951019444406574966 "HTTP/2 200 OK"
2025-12-19 18:33:20,753 INFO HTTP Request: GET https://clob.polymarket.com/book?token_id=72113537652554380276347542999424635612492517699728066175730664897658164473235 "HTTP/2 200 OK"
2025-12-19 18:33:21,089 INFO HTTP Request: GET https://clob.polymarket.com/book?token_id=56570835185013181930169513733177012805556365530301435672575968757674556017763 "HTTP/2 200 OK"
2025-12-19 18:33:21,161 INFO HTTP Request: GET https://clob.polymarket.com/book?token_id=78334077248234846714502609938208453420760114607979174643124614189085919067977 "HTTP/2 200 OK"
2025-12-19 18:33:23,628 INFO HTTP Request: GET https://clob.polymarket.com/book?token_id=56570835185013181930169513733177012805556365530301435672575968757674556017763 "HTTP/2 200 OK"
2025-12-19 18:33:23,671 INFO HTTP Request: GET https://clob.polymarket.com/book?token_id=78334077248234846714502609938208453420760114607979174643124614189085919067977 "HTTP/2 200 OK"
2025-12-19 18:33:25,200 INFO HTTP Request: GET https://clob.polymarket.com/book?token_id=56570835185013181930169513733177012805556365530301435672575968757674556017763 "HTTP/2 200 OK"
2025-12-19 18:33:25,247 INFO HTTP Request: GET https://clob.polymarket.com/book?token_id=78334077248234846714502609938208453420760114607979174643124614189085919067977 "HTTP/2 200 OK"
2025-12-19 18:39:47,816 INFO HTTP Request: GET https://clob.polymarket.com/book?token_id=56570835185013181930169513733177012805556365530301435672575968757674556017763 "HTTP/2 200 OK"
2025-12-19 18:39:47,887 INFO HTTP Request: GET https://clob.polymarket.com/book?token_id=78334077248234846714502609938208453420760114607979174643124614189085919067977 "HTTP/2 200 OK"
2025-12-19 18:40:22,422 INFO HTTP Request: GET https://clob.polymarket.com/book?token_id=56570835185013181930169513733177012805556365530301435672575968757674556017763 "HTTP/2 200 OK"
2025-12-19 18:40:22,473 INFO HTTP Request: GET https://clob.polymarket.com/book?token_id=78334077248234846714502609938208453420760114607979174643124614189085919067977 "HTTP/2 200 OK"
2025-12-19 18:40:37,958 INFO HTTP Request: GET https://clob.polymarket.com/book?token_id=56570835185013181930169513733177012805556365530301435672575968757674556017763 "HTTP/2 200 OK"
2025-12-19 18:40:38,000 INFO HTTP Request: GET https://clob.polymarket.com/book?token_id=78334077248234846714502609938208453420760114607979174643124614189085919067977 "HTTP/2 200 OK"
2025-12-19 18:43:40,293 INFO HTTP Request: GET https://clob.polymarket.com/book?token_id=56570835185013181930169513733177012805556365530301435672575968757674556017763 "HTTP/2 200 OK"
2025-12-19 18:43:40,354 INFO HTTP Request: GET https://clob.polymarket.com/book?token_id=78334077248234846714502609938208453420760114607979174643124614189085919067977 "HTTP/2 200 OK"
2025-12-19 18:44:17,073 INFO HTTP Request: GET https://clob.polymarket.com/book?token_id=56570835185013181930169513733177012805556365530301435672575968757674556017763 "HTTP/2 200 OK"
2025-12-19 18:44:17,135 INFO HTTP Request: GET https://clob.polymarket.com/book?token_id=78334077248234846714502609938208453420760114607979174643124614189085919067977 "HTTP/2 200 OK"
2025-12-19 18:46:55,932 INFO HTTP Request: GET https://clob.polymarket.com/book?token_id=56570835185013181930169513733177012805556365530301435672575968757674556017763 "HTTP/2 200 OK"
2025-12-19 18:46:55,974 INFO HTTP Request: GET https://clob.polymarket.com/book?token_id=78334077248234846714502609938208453420760114607979174643124614189085919067977 "HTTP/2 200 OK"
2025-12-19 18:50:44,858 INFO HTTP Request: GET https://clob.polymarket.com/book?token_id=56570835185013181930169513733177012805556365530301435672575968757674556017763 "HTTP/2 200 OK"
2025-12-19 18:50:44,914 INFO HTTP Request: GET https://clob.polymarket.com/book?token_id=78334077248234846714502609938208453420760114607979174643124614189085919067977 "HTTP/2 200 OK"
2025-12-19 18:56:15,520 INFO HTTP Request: GET https://clob.polymarket.com/book?token_id=56570835185013181930169513733177012805556365530301435672575968757674556017763 "HTTP/2 200 OK"
2025-12-19 18:56:15,558 INFO HTTP Request: GET https://clob.polymarket.com/book?token_id=78334077248234846714502609938208453420760114607979174643124614189085919067977 "HTTP/2 200 OK"
2025-12-19 18:59:28,396 INFO HTTP Request: GET https://clob.polymarket.com/book?token_id=56570835185013181930169513733177012805556365530301435672575968757674556017763 "HTTP/2 200 OK"
2025-12-19 18:59:28,442 INFO HTTP Request: GET https://clob.polymarket.com/book?token_id=78334077248234846714502609938208453420760114607979174643124614189085919067977 "HTTP/2 200 OK"
2025-12-19 19:01:46,577 INFO HTTP Request: GET https://clob.polymarket.com/book?token_id=56570835185013181930169513733177012805556365530301435672575968757674556017763 "HTTP/2 200 OK"
2025-12-19 19:01:46,619 INFO HTTP Request: GET https://clob.polymarket.com/book?token_id=78334077248234846714502609938208453420760114607979174643124614189085919067977 "HTTP/2 200 OK"
2025-12-19 19:04:07,903 INFO HTTP Request: GET https://clob.polymarket.com/book?token_id=56570835185013181930169513733177012805556365530301435672575968757674556017763 "HTTP/2 200 OK"
2025-12-19 19:04:08,012 INFO HTTP Request: GET https://clob.polymarket.com/book?token_id=78334077248234846714502609938208453420760114607979174643124614189085919067977 "HTTP/2 200 OK"
2025-12-19 19:04:27,132 INFO HTTP Request: GET https://clob.polymarket.com/book?token_id=56570835185013181930169513733177012805556365530301435672575968757674556017763 "HTTP/2 200 OK"
2025-12-19 19:04:27,186 INFO HTTP Request: GET https://clob.polymarket.com/book?token_id=78334077248234846714502609938208453420760114607979174643124614189085919067977 "HTTP/2 200 OK"
2025-12-19 19:05:09,338 INFO HTTP Request: GET https://clob.polymarket.com/book?token_id=56570835185013181930169513733177012805556365530301435672575968757674556017763 "HTTP/2 200 OK"
2025-12-19 19:05:09,386 INFO HTTP Request: GET https://clob.polymarket.com/book?token_id=78334077248234846714502609938208453420760114607979174643124614189085919067977 "HTTP/2 200 OK"
2025-12-19 19:10:26,128 INFO HTTP Request: GET https://clob.polymarket.com/book?token_id=56570835185013181930169513733177012805556365530301435672575968757674556017763 "HTTP/2 200 OK"
2025-12-19 19:10:26,169 INFO HTTP Request: GET https://clob.polymarket.com/book?token_id=78334077248234846714502609938208453420760114607979174643124614189085919067977 "HTTP/2 200 OK"
2025-12-19 19:13:03,347 INFO HTTP Request: GET https://clob.polymarket.com/book?token_id=56570835185013181930169513733177012805556365530301435672575968757674556017763 "HTTP/2 200 OK"
2025-12-19 19:13:03,402 INFO HTTP Request: GET https://clob.polymarket.com/book?token_id=78334077248234846714502609938208453420760114607979174643124614189085919067977 "HTTP/2 200 OK"
2025-12-19 19:13:49,695 INFO HTTP Request: GET https://clob.polymarket.com/book?token_id=56570835185013181930169513733177012805556365530301435672575968757674556017763 "HTTP/2 200 OK"
2025-12-19 19:13:49,743 INFO HTTP Request: GET https://clob.polymarket.com/book?token_id=78334077248234846714502609938208453420760114607979174643124614189085919067977 "HTTP/2 200 OK"
2025-12-19 19:13:56,245 INFO HTTP Request: GET https://clob.polymarket.com/book?token_id=56570835185013181930169513733177012805556365530301435672575968757674556017763 "HTTP/2 200 OK"
2025-12-19 19:13:56,294 INFO HTTP Request: GET https://clob.polymarket.com/book?token_id=78334077248234846714502609938208453420760114607979174643124614189085919067977 "HTTP/2 200 OK"
2025-12-19 19:15:40,736 INFO HTTP Request: GET https://clob.polymarket.com/book?token_id=108054592060808479303370270554306028883916458239782628449790057811735078958789 "HTTP/2 200 OK"
2025-12-19 19:15:40,805 INFO HTTP Request: GET https://clob.polymarket.com/book?token_id=110765302299513456585207845551762220756544326353398751489227277620687637943699 "HTTP/2 200 OK"
2025-12-19 19:25:36,701 INFO HTTP Request: GET https://clob.polymarket.com/book?token_id=108054592060808479303370270554306028883916458239782628449790057811735078958789 "HTTP/2 200 OK"
2025-12-19 19:25:36,768 INFO HTTP Request: GET https://clob.polymarket.com/book?token_id=110765302299513456585207845551762220756544326353398751489227277620687637943699 "HTTP/2 200 OK"
2025-12-19 19:27:45,605 INFO HTTP Request: GET https://clob.polymarket.com/book?token_id=108054592060808479303370270554306028883916458239782628449790057811735078958789 "HTTP/2 200 OK"
2025-12-19 19:27:45,658 INFO HTTP Request: GET https://clob.polymarket.com/book?token_id=110765302299513456585207845551762220756544326353398751489227277620687637943699 "HTTP/2 200 OK"
2025-12-19 19:28:13,192 INFO HTTP Request: GET https://clob.polymarket.com/book?token_id=108054592060808479303370270554306028883916458239782628449790057811735078958789 "HTTP/2 200 OK"
2025-12-19 19:28:13,264 INFO HTTP Request: GET https://clob.polymarket.com/book?token_id=110765302299513456585207845551762220756544326353398751489227277620687637943699 "HTTP/2 200 OK"
2025-12-19 19:28:17,919 INFO HTTP Request: GET https://clob.polymarket.com/book?token_id=108054592060808479303370270554306028883916458239782628449790057811735078958789 "HTTP/2 200 OK"
2025-12-19 19:28:17,988 INFO HTTP Request: GET https://clob.polymarket.com/book?token_id=110765302299513456585207845551762220756544326353398751489227277620687637943699 "HTTP/2 200 OK"
2025-12-19 19:28:39,350 INFO HTTP Request: GET https://clob.polymarket.com/book?token_id=108054592060808479303370270554306028883916458239782628449790057811735078958789 "HTTP/2 200 OK"
2025-12-19 19:28:39,394 INFO HTTP Request: GET https://clob.polymarket.com/book?token_id=110765302299513456585207845551762220756544326353398751489227277620687637943699 "HTTP/2 200 OK"
2025-12-19 19:29:03,328 INFO HTTP Request: GET https://clob.polymarket.com/book?token_id=108054592060808479303370270554306028883916458239782628449790057811735078958789 "HTTP/2 200 OK"
2025-12-19 19:29:03,370 INFO HTTP Request: GET https://clob.polymarket.com/book?token_id=110765302299513456585207845551762220756544326353398751489227277620687637943699 "HTTP/2 200 OK"
2025-12-19 19:29:34,794 INFO HTTP Request: GET https://clob.polymarket.com/book?token_id=108054592060808479303370270554306028883916458239782628449790057811735078958789 "HTTP/2 200 OK"
2025-12-19 19:29:34,875 INFO HTTP Request: GET https://clob.polymarket.com/book?token_id=110765302299513456585207845551762220756544326353398751489227277620687637943699 "HTTP/2 200 OK"
2025-12-19 19:29:43,960 INFO HTTP Request: GET https://clob.polymarket.com/book?token_id=108054592060808479303370270554306028883916458239782628449790057811735078958789 "HTTP/2 200 OK"
2025-12-19 19:29:44,003 INFO HTTP Request: GET https://clob.polymarket.com/book?token_id=110765302299513456585207845551762220756544326353398751489227277620687637943699 "HTTP/2 200 OK"
2025-12-22 21:00:31,209 INFO HTTP Request: GET https://clob.polymarket.com/book?token_id=108054592060808479303370270554306028883916458239782628449790057811735078958789 "HTTP/2 200 OK"
2025-12-22 21:00:31,245 INFO HTTP Request: GET https://clob.polymarket.com/book?token_id=110765302299513456585207845551762220756544326353398751489227277620687637943699 "HTTP/2 200 OK"
